// Jest Snapshot v1, https://goo.gl/fbAQLP

exports[`Pruebas en <GifItem /> Debe hacer hacer match con el snapshot 1`] = `
<div>
  <div
    class="card"
    id="12345"
  >
    <img
      alt="Leones"
      src="http://leones.com"
    />
    <p>
      Leones
    </p>
  </div>
</div>
`;
